g++ -std=c++11 -Wall -Wextra -Wno-unused-parameter -Wno-unused-result -g -c -o obj/src/main.o src/main.cpp
g++ -std=c++11 -Wall -Wextra -Wno-unused-parameter -Wno-unused-result -g -o bin/numbers.o obj/src/main.o 
./bin/numbers.o
a) 495
b) 187869866 10010
c) 2389 23567 123456789 
