./bin/invert_bin_tree.o 
normal:
└──0
    ├──1
    │   ├──3
    │   │   ├──7
    │   │   └──8
    │   └──4
    │       ├──9
    │       └──10
    └──2
        ├──5
        │   ├──11
        │   └──12
        └──6
            ├──13
            └──14

inverted:
└──0
    ├──2
    │   ├──6
    │   │   ├──14
    │   │   └──13
    │   └──5
    │       ├──12
    │       └──11
    └──1
        ├──4
        │   ├──10
        │   └──9
        └──3
            ├──8
            └──7

