./bin/invert_bin_tree.o 
normal:
└──0
    ├──1
    │   ├──3
    │   │   ├──7
    │   │   │   ├──15
    │   │   │   └──16
    │   │   └──8
    │   │       ├──17
    │   │       └──18
    │   └──4
    │       ├──9
    │       │   ├──19
    │       │   └──20
    │       └──10
    │           ├──21
    │           └──22
    └──2
        ├──5
        │   ├──11
        │   │   ├──23
        │   │   └──24
        │   └──12
        │       ├──25
        │       └──26
        └──6
            ├──13
            │   ├──27
            │   └──28
            └──14
                ├──29
                └──30

inverted:
└──0
    ├──2
    │   ├──6
    │   │   ├──14
    │   │   │   ├──30
    │   │   │   └──29
    │   │   └──13
    │   │       ├──28
    │   │       └──27
    │   └──5
    │       ├──12
    │       │   ├──26
    │       │   └──25
    │       └──11
    │           ├──24
    │           └──23
    └──1
        ├──4
        │   ├──10
        │   │   ├──22
        │   │   └──21
        │   └──9
        │       ├──20
        │       └──19
        └──3
            ├──8
            │   ├──18
            │   └──17
            └──7
                ├──16
                └──15

