Enter PESEL: PESEL: 05271706552
Gender: Male
Date of birth (year): 2005
Date of birth (month): July
Date of birth (day): 17
Date of birth (date): 17.07.2005
Valid: Yes
